
> MediqzyApp@0.0.1 android
> react-native run-android

info Installing the app...
> Task :gradle-plugin:settings-plugin:checkKotlinGradlePluginConfigurationErrors SKIPPED
> Task :gradle-plugin:shared:checkKotlinGradlePluginConfigurationErrors SKIPPED
> Task :gradle-plugin:shared:compileKotlin UP-TO-DATE
> Task :gradle-plugin:shared:compileJava NO-SOURCE
> Task :gradle-plugin:shared:processResources NO-SOURCE
> Task :gradle-plugin:shared:classes UP-TO-DATE
> Task :gradle-plugin:shared:jar UP-TO-DATE
> Task :gradle-plugin:settings-plugin:compileKotlin UP-TO-DATE
> Task :gradle-plugin:settings-plugin:compileJava NO-SOURCE
> Task :gradle-plugin:settings-plugin:pluginDescriptors UP-TO-DATE
> Task :gradle-plugin:settings-plugin:processResources UP-TO-DATE
> Task :gradle-plugin:settings-plugin:classes UP-TO-DATE
> Task :gradle-plugin:settings-plugin:jar UP-TO-DATE
> Task :gradle-plugin:react-native-gradle-plugin:checkKotlinGradlePluginConfigurationErrors SKIPPED
> Task :gradle-plugin:react-native-gradle-plugin:compileKotlin UP-TO-DATE
> Task :gradle-plugin:react-native-gradle-plugin:compileJava NO-SOURCE
> Task :gradle-plugin:react-native-gradle-plugin:pluginDescriptors UP-TO-DATE
> Task :gradle-plugin:react-native-gradle-plugin:processResources UP-TO-DATE
> Task :gradle-plugin:react-native-gradle-plugin:classes UP-TO-DATE
> Task :gradle-plugin:react-native-gradle-plugin:jar UP-TO-DATE

> Configure project :notifee_react-native
:notifee_react-native @notifee/react-native found at C:\Mediqzt-App\MediqzyApp\node_modules\@notifee\react-native
:notifee_react-native package.json found at C:\Mediqzt-App\MediqzyApp\node_modules\@notifee\react-native\package.json
:notifee_react-native:version set from package.json: 9.1.8 (9,1,8 - 9001008)
:notifee_react-native:android.compileSdk using custom value: 36
:notifee_react-native:android.targetSdk using custom value: 36
:notifee_react-native:android.minSdk using custom value: 28
:notifee_react-native:reactNativeAndroidDir C:\Mediqzt-App\MediqzyApp\node_modules\react-native

> Configure project :react-native-firebase_app
:react-native-firebase_app package.json found at C:\Mediqzt-App\MediqzyApp\node_modules\@react-native-firebase\app\package.json
:react-native-firebase_app:firebase.bom using default value: 34.6.0
:react-native-firebase_app:play.play-services-auth using default value: 21.4.0
:react-native-firebase_app package.json found at C:\Mediqzt-App\MediqzyApp\node_modules\@react-native-firebase\app\package.json
:react-native-firebase_app:version set from package.json: 23.8.3 (23,8,3 - 23008003)
:react-native-firebase_app:android.compileSdk using custom value: 36
:react-native-firebase_app:android.targetSdk using custom value: 36
:react-native-firebase_app:android.minSdk using custom value: 28
:react-native-firebase_app:reactNativeAndroidDir C:\Mediqzt-App\MediqzyApp\node_modules\react-native

> Configure project :react-native-firebase_auth
:react-native-firebase_auth package.json found at C:\Mediqzt-App\MediqzyApp\node_modules\@react-native-firebase\auth\package.json
:react-native-firebase_app package.json found at C:\Mediqzt-App\MediqzyApp\node_modules\@react-native-firebase\app\package.json
:react-native-firebase_auth:firebase.bom using default value: 34.6.0
:react-native-firebase_auth package.json found at C:\Mediqzt-App\MediqzyApp\node_modules\@react-native-firebase\auth\package.json
:react-native-firebase_auth:version set from package.json: 23.8.3 (23,8,3 - 23008003)
:react-native-firebase_auth:android.compileSdk using custom value: 36
:react-native-firebase_auth:android.targetSdk using custom value: 36
:react-native-firebase_auth:android.minSdk using custom value: 28
:react-native-firebase_auth:reactNativeAndroidDir C:\Mediqzt-App\MediqzyApp\node_modules\react-native

> Configure project :react-native-firebase_database
:react-native-firebase_database package.json found at C:\Mediqzt-App\MediqzyApp\node_modules\@react-native-firebase\database\package.json
:react-native-firebase_app package.json found at C:\Mediqzt-App\MediqzyApp\node_modules\@react-native-firebase\app\package.json
:react-native-firebase_database:firebase.bom using default value: 34.6.0
:react-native-firebase_database package.json found at C:\Mediqzt-App\MediqzyApp\node_modules\@react-native-firebase\database\package.json
:react-native-firebase_database:version set from package.json: 23.8.3 (23,8,3 - 23008003)
:react-native-firebase_database:android.compileSdk using custom value: 36
:react-native-firebase_database:android.targetSdk using custom value: 36
:react-native-firebase_database:android.minSdk using custom value: 28
:react-native-firebase_database:reactNativeAndroidDir C:\Mediqzt-App\MediqzyApp\node_modules\react-native

> Configure project :react-native-firebase_firestore
:react-native-firebase_firestore package.json found at C:\Mediqzt-App\MediqzyApp\node_modules\@react-native-firebase\firestore\package.json
:react-native-firebase_app package.json found at C:\Mediqzt-App\MediqzyApp\node_modules\@react-native-firebase\app\package.json
:react-native-firebase_firestore:firebase.bom using default value: 34.6.0
:react-native-firebase_firestore package.json found at C:\Mediqzt-App\MediqzyApp\node_modules\@react-native-firebase\firestore\package.json
:react-native-firebase_firestore:version set from package.json: 23.8.3 (23,8,3 - 23008003)
:react-native-firebase_firestore:android.compileSdk using custom value: 36
:react-native-firebase_firestore:android.targetSdk using custom value: 36
:react-native-firebase_firestore:android.minSdk using custom value: 28
:react-native-firebase_firestore:reactNativeAndroidDir C:\Mediqzt-App\MediqzyApp\node_modules\react-native

> Configure project :react-native-firebase_messaging
:react-native-firebase_messaging package.json found at C:\Mediqzt-App\MediqzyApp\node_modules\@react-native-firebase\messaging\package.json
:react-native-firebase_app package.json found at C:\Mediqzt-App\MediqzyApp\node_modules\@react-native-firebase\app\package.json
:react-native-firebase_messaging:firebase.bom using default value: 34.6.0
:react-native-firebase_messaging package.json found at C:\Mediqzt-App\MediqzyApp\node_modules\@react-native-firebase\messaging\package.json
:react-native-firebase_messaging:version set from package.json: 23.8.3 (23,8,3 - 23008003)
:react-native-firebase_messaging:android.compileSdk using custom value: 36
:react-native-firebase_messaging:android.targetSdk using custom value: 36
:react-native-firebase_messaging:android.minSdk using custom value: 28
:react-native-firebase_messaging:reactNativeAndroidDir C:\Mediqzt-App\MediqzyApp\node_modules\react-native

> Task :app:checkKotlinGradlePluginConfigurationErrors SKIPPED
> Task :app:generateAutolinkingNewArchitectureFiles UP-TO-DATE
> Task :app:generateAutolinkingPackageList UP-TO-DATE
> Task :app:generateCodegenSchemaFromJavaScript SKIPPED
> Task :app:generateCodegenArtifactsFromSchema SKIPPED
> Task :app:generateReactNativeEntryPoint UP-TO-DATE
> Task :notifee_react-native:preBuild UP-TO-DATE
> Task :react-native-async-storage_async-storage:generateCodegenSchemaFromJavaScript UP-TO-DATE
> Task :react-native-async-storage_async-storage:generateCodegenArtifactsFromSchema UP-TO-DATE
> Task :react-native-async-storage_async-storage:preBuild UP-TO-DATE
> Task :react-native-ble-manager:generateCodegenSchemaFromJavaScript UP-TO-DATE
> Task :react-native-ble-manager:generateCodegenArtifactsFromSchema UP-TO-DATE
> Task :react-native-ble-manager:preBuild UP-TO-DATE
> Task :react-native-community_slider:generateCodegenSchemaFromJavaScript UP-TO-DATE
> Task :react-native-community_slider:generateCodegenArtifactsFromSchema UP-TO-DATE
> Task :react-native-community_slider:preBuild UP-TO-DATE
> Task :react-native-firebase_app:preBuild UP-TO-DATE
> Task :react-native-firebase_auth:preBuild UP-TO-DATE
> Task :react-native-firebase_database:preBuild UP-TO-DATE
> Task :react-native-firebase_firestore:preBuild UP-TO-DATE
> Task :react-native-firebase_messaging:preBuild UP-TO-DATE
> Task :react-native-google-signin_google-signin:generateCodegenSchemaFromJavaScript UP-TO-DATE
> Task :react-native-google-signin_google-signin:generateCodegenArtifactsFromSchema UP-TO-DATE
> Task :react-native-google-signin_google-signin:preBuild UP-TO-DATE
> Task :react-native-health-connect:generateCodegenSchemaFromJavaScript UP-TO-DATE
> Task :react-native-health-connect:generateCodegenArtifactsFromSchema UP-TO-DATE
> Task :react-native-health-connect:preBuild UP-TO-DATE
> Task :react-native-linear-gradient:preBuild UP-TO-DATE
> Task :react-native-maps:generateCodegenSchemaFromJavaScript SKIPPED
> Task :react-native-maps:generateCodegenArtifactsFromSchema SKIPPED
> Task :react-native-maps:preBuild UP-TO-DATE
> Task :react-native-safe-area-context:generateCodegenSchemaFromJavaScript UP-TO-DATE
> Task :react-native-safe-area-context:generateCodegenArtifactsFromSchema UP-TO-DATE
> Task :react-native-safe-area-context:preBuild UP-TO-DATE
> Task :react-native-screens:generateCodegenSchemaFromJavaScript UP-TO-DATE
> Task :react-native-screens:generateCodegenArtifactsFromSchema UP-TO-DATE
> Task :react-native-screens:preBuild UP-TO-DATE
> Task :react-native-svg:generateCodegenSchemaFromJavaScript UP-TO-DATE
> Task :react-native-svg:generateCodegenArtifactsFromSchema UP-TO-DATE
> Task :react-native-svg:preBuild UP-TO-DATE
> Task :react-native-vector-icons:generateCodegenSchemaFromJavaScript UP-TO-DATE
> Task :react-native-vector-icons:generateCodegenArtifactsFromSchema UP-TO-DATE
> Task :react-native-vector-icons:preBuild UP-TO-DATE
> Task :react-native-webrtc:preBuild UP-TO-DATE
> Task :react-native-webview:generateCodegenSchemaFromJavaScript UP-TO-DATE
> Task :react-native-webview:generateCodegenArtifactsFromSchema UP-TO-DATE
> Task :react-native-webview:preBuild UP-TO-DATE
> Task :app:preBuild UP-TO-DATE
> Task :app:preDebugBuild UP-TO-DATE
> Task :app:generateDebugBuildConfig UP-TO-DATE
> Task :notifee_react-native:preDebugBuild UP-TO-DATE
> Task :notifee_react-native:writeDebugAarMetadata UP-TO-DATE
> Task :react-native-async-storage_async-storage:preDebugBuild UP-TO-DATE
> Task :react-native-async-storage_async-storage:writeDebugAarMetadata UP-TO-DATE
> Task :react-native-ble-manager:preDebugBuild UP-TO-DATE
> Task :react-native-ble-manager:writeDebugAarMetadata UP-TO-DATE
> Task :react-native-community_slider:preDebugBuild UP-TO-DATE
> Task :react-native-community_slider:writeDebugAarMetadata UP-TO-DATE
> Task :react-native-firebase_app:preDebugBuild UP-TO-DATE
> Task :react-native-firebase_app:writeDebugAarMetadata UP-TO-DATE
> Task :react-native-firebase_auth:preDebugBuild UP-TO-DATE
> Task :react-native-firebase_auth:writeDebugAarMetadata UP-TO-DATE
> Task :react-native-firebase_database:preDebugBuild UP-TO-DATE
> Task :react-native-firebase_database:writeDebugAarMetadata UP-TO-DATE
> Task :react-native-firebase_firestore:preDebugBuild UP-TO-DATE
> Task :react-native-firebase_firestore:writeDebugAarMetadata UP-TO-DATE
> Task :react-native-firebase_messaging:preDebugBuild UP-TO-DATE
> Task :react-native-firebase_messaging:writeDebugAarMetadata UP-TO-DATE
> Task :react-native-google-signin_google-signin:preDebugBuild UP-TO-DATE
> Task :react-native-google-signin_google-signin:writeDebugAarMetadata UP-TO-DATE
> Task :react-native-health-connect:preDebugBuild UP-TO-DATE
> Task :react-native-health-connect:writeDebugAarMetadata UP-TO-DATE
> Task :react-native-linear-gradient:preDebugBuild UP-TO-DATE
> Task :react-native-linear-gradient:writeDebugAarMetadata UP-TO-DATE
> Task :react-native-maps:preDebugBuild UP-TO-DATE
> Task :react-native-maps:writeDebugAarMetadata UP-TO-DATE
> Task :react-native-safe-area-context:preDebugBuild UP-TO-DATE
> Task :react-native-safe-area-context:writeDebugAarMetadata UP-TO-DATE
> Task :react-native-screens:preDebugBuild UP-TO-DATE
> Task :react-native-screens:writeDebugAarMetadata UP-TO-DATE
> Task :react-native-svg:preDebugBuild UP-TO-DATE
> Task :react-native-svg:writeDebugAarMetadata UP-TO-DATE
> Task :react-native-vector-icons:preDebugBuild UP-TO-DATE
> Task :react-native-vector-icons:writeDebugAarMetadata UP-TO-DATE
> Task :react-native-webrtc:preDebugBuild UP-TO-DATE
> Task :react-native-webrtc:writeDebugAarMetadata UP-TO-DATE
> Task :react-native-webview:preDebugBuild UP-TO-DATE
> Task :react-native-webview:writeDebugAarMetadata UP-TO-DATE
> Task :app:checkDebugAarMetadata UP-TO-DATE
> Task :app:generateDebugResValues UP-TO-DATE
> Task :app:processDebugGoogleServices UP-TO-DATE
> Task :notifee_react-native:generateDebugResValues UP-TO-DATE
> Task :notifee_react-native:generateDebugResources UP-TO-DATE
> Task :notifee_react-native:packageDebugResources UP-TO-DATE
> Task :react-native-async-storage_async-storage:generateDebugResValues UP-TO-DATE
> Task :react-native-async-storage_async-storage:generateDebugResources UP-TO-DATE
> Task :react-native-async-storage_async-storage:packageDebugResources UP-TO-DATE
> Task :react-native-ble-manager:generateDebugResValues UP-TO-DATE
> Task :react-native-ble-manager:generateDebugResources UP-TO-DATE
> Task :react-native-ble-manager:packageDebugResources UP-TO-DATE
> Task :react-native-community_slider:generateDebugResValues UP-TO-DATE
> Task :react-native-community_slider:generateDebugResources UP-TO-DATE
> Task :react-native-community_slider:packageDebugResources UP-TO-DATE
> Task :react-native-firebase_app:generateDebugResValues UP-TO-DATE
> Task :react-native-firebase_app:generateDebugResources UP-TO-DATE
> Task :react-native-firebase_app:packageDebugResources UP-TO-DATE
> Task :react-native-firebase_auth:generateDebugResValues UP-TO-DATE
> Task :react-native-firebase_auth:generateDebugResources UP-TO-DATE
> Task :react-native-firebase_auth:packageDebugResources UP-TO-DATE
> Task :react-native-firebase_database:generateDebugResValues UP-TO-DATE
> Task :react-native-firebase_database:generateDebugResources UP-TO-DATE
> Task :react-native-firebase_database:packageDebugResources UP-TO-DATE
> Task :react-native-firebase_firestore:generateDebugResValues UP-TO-DATE
> Task :react-native-firebase_firestore:generateDebugResources UP-TO-DATE
> Task :react-native-firebase_firestore:packageDebugResources UP-TO-DATE
> Task :react-native-firebase_messaging:generateDebugResValues UP-TO-DATE
> Task :react-native-firebase_messaging:generateDebugResources UP-TO-DATE
> Task :react-native-firebase_messaging:packageDebugResources UP-TO-DATE
> Task :react-native-google-signin_google-signin:generateDebugResValues UP-TO-DATE
> Task :react-native-google-signin_google-signin:generateDebugResources UP-TO-DATE
> Task :react-native-google-signin_google-signin:packageDebugResources UP-TO-DATE
> Task :react-native-health-connect:generateDebugResValues UP-TO-DATE
> Task :react-native-health-connect:generateDebugResources UP-TO-DATE
> Task :react-native-health-connect:packageDebugResources UP-TO-DATE
> Task :react-native-linear-gradient:generateDebugResValues UP-TO-DATE
> Task :react-native-linear-gradient:generateDebugResources UP-TO-DATE
> Task :react-native-linear-gradient:packageDebugResources UP-TO-DATE
> Task :react-native-maps:generateDebugResValues UP-TO-DATE
> Task :react-native-maps:generateDebugResources UP-TO-DATE
> Task :react-native-maps:packageDebugResources UP-TO-DATE
> Task :react-native-safe-area-context:generateDebugResValues UP-TO-DATE
> Task :react-native-safe-area-context:generateDebugResources UP-TO-DATE
> Task :react-native-safe-area-context:packageDebugResources UP-TO-DATE
> Task :react-native-screens:generateDebugResValues UP-TO-DATE
> Task :react-native-screens:generateDebugResources UP-TO-DATE
> Task :react-native-screens:packageDebugResources UP-TO-DATE
> Task :react-native-svg:generateDebugResValues UP-TO-DATE
> Task :react-native-svg:generateDebugResources UP-TO-DATE
> Task :react-native-svg:packageDebugResources UP-TO-DATE
> Task :react-native-vector-icons:generateDebugResValues UP-TO-DATE
> Task :react-native-vector-icons:generateDebugResources UP-TO-DATE
> Task :react-native-vector-icons:packageDebugResources UP-TO-DATE
> Task :react-native-webrtc:generateDebugResValues UP-TO-DATE
> Task :react-native-webrtc:generateDebugResources UP-TO-DATE
> Task :react-native-webrtc:packageDebugResources UP-TO-DATE
> Task :react-native-webview:generateDebugResValues UP-TO-DATE
> Task :react-native-webview:generateDebugResources UP-TO-DATE
> Task :react-native-webview:packageDebugResources UP-TO-DATE
> Task :app:mapDebugSourceSetPaths UP-TO-DATE
> Task :app:generateDebugResources UP-TO-DATE
> Task :app:mergeDebugResources UP-TO-DATE
> Task :app:packageDebugResources UP-TO-DATE
> Task :app:parseDebugLocalResources UP-TO-DATE
> Task :app:createDebugCompatibleScreenManifests UP-TO-DATE
> Task :app:extractDeepLinksDebug UP-TO-DATE
> Task :notifee_react-native:extractDeepLinksDebug UP-TO-DATE
> Task :notifee_react-native:processDebugManifest UP-TO-DATE
> Task :react-native-async-storage_async-storage:extractDeepLinksDebug UP-TO-DATE
> Task :react-native-async-storage_async-storage:processDebugManifest UP-TO-DATE
> Task :react-native-ble-manager:extractDeepLinksDebug UP-TO-DATE
> Task :react-native-ble-manager:processDebugManifest UP-TO-DATE
> Task :react-native-community_slider:extractDeepLinksDebug UP-TO-DATE
> Task :react-native-community_slider:processDebugManifest UP-TO-DATE
> Task :react-native-firebase_app:extractDeepLinksDebug UP-TO-DATE
> Task :react-native-firebase_app:processDebugManifest UP-TO-DATE
> Task :react-native-firebase_auth:extractDeepLinksDebug UP-TO-DATE
> Task :react-native-firebase_auth:processDebugManifest UP-TO-DATE
> Task :react-native-firebase_database:extractDeepLinksDebug UP-TO-DATE
> Task :react-native-firebase_database:processDebugManifest UP-TO-DATE
> Task :react-native-firebase_firestore:extractDeepLinksDebug UP-TO-DATE
> Task :react-native-firebase_firestore:processDebugManifest UP-TO-DATE
> Task :react-native-firebase_messaging:extractDeepLinksDebug UP-TO-DATE
> Task :react-native-firebase_messaging:processDebugManifest UP-TO-DATE
> Task :react-native-google-signin_google-signin:extractDeepLinksDebug UP-TO-DATE
> Task :react-native-google-signin_google-signin:processDebugManifest UP-TO-DATE
> Task :react-native-health-connect:extractDeepLinksDebug UP-TO-DATE
> Task :react-native-health-connect:processDebugManifest UP-TO-DATE
> Task :react-native-linear-gradient:extractDeepLinksDebug UP-TO-DATE
> Task :react-native-linear-gradient:processDebugManifest UP-TO-DATE
> Task :react-native-maps:extractDeepLinksDebug UP-TO-DATE
> Task :react-native-maps:processDebugManifest UP-TO-DATE
> Task :react-native-safe-area-context:extractDeepLinksDebug UP-TO-DATE
> Task :react-native-safe-area-context:processDebugManifest UP-TO-DATE
> Task :react-native-screens:extractDeepLinksDebug UP-TO-DATE
> Task :react-native-screens:processDebugManifest UP-TO-DATE
> Task :react-native-svg:extractDeepLinksDebug UP-TO-DATE
> Task :react-native-svg:processDebugManifest UP-TO-DATE
> Task :react-native-vector-icons:extractDeepLinksDebug UP-TO-DATE
> Task :react-native-vector-icons:processDebugManifest UP-TO-DATE
> Task :react-native-webrtc:extractDeepLinksDebug UP-TO-DATE
> Task :react-native-webrtc:processDebugManifest UP-TO-DATE
> Task :react-native-webview:extractDeepLinksDebug UP-TO-DATE
> Task :react-native-webview:processDebugManifest UP-TO-DATE
> Task :app:processDebugMainManifest UP-TO-DATE
> Task :app:processDebugManifest UP-TO-DATE
> Task :app:processDebugManifestForPackage UP-TO-DATE
> Task :notifee_react-native:compileDebugLibraryResources UP-TO-DATE
> Task :notifee_react-native:parseDebugLocalResources UP-TO-DATE
> Task :notifee_react-native:generateDebugRFile UP-TO-DATE
> Task :react-native-async-storage_async-storage:compileDebugLibraryResources UP-TO-DATE
> Task :react-native-async-storage_async-storage:parseDebugLocalResources UP-TO-DATE
> Task :react-native-async-storage_async-storage:generateDebugRFile UP-TO-DATE
> Task :react-native-ble-manager:compileDebugLibraryResources UP-TO-DATE
> Task :react-native-ble-manager:parseDebugLocalResources UP-TO-DATE
> Task :react-native-ble-manager:generateDebugRFile UP-TO-DATE
> Task :react-native-community_slider:compileDebugLibraryResources UP-TO-DATE
> Task :react-native-community_slider:parseDebugLocalResources UP-TO-DATE
> Task :react-native-community_slider:generateDebugRFile UP-TO-DATE
> Task :react-native-firebase_app:compileDebugLibraryResources UP-TO-DATE
> Task :react-native-firebase_app:parseDebugLocalResources UP-TO-DATE
> Task :react-native-firebase_app:generateDebugRFile UP-TO-DATE
> Task :react-native-firebase_auth:compileDebugLibraryResources UP-TO-DATE
> Task :react-native-firebase_auth:parseDebugLocalResources UP-TO-DATE
> Task :react-native-firebase_auth:generateDebugRFile UP-TO-DATE
> Task :react-native-firebase_database:compileDebugLibraryResources UP-TO-DATE
> Task :react-native-firebase_database:parseDebugLocalResources UP-TO-DATE
> Task :react-native-firebase_database:generateDebugRFile UP-TO-DATE
> Task :react-native-firebase_firestore:compileDebugLibraryResources UP-TO-DATE
> Task :react-native-firebase_firestore:parseDebugLocalResources UP-TO-DATE
> Task :react-native-firebase_firestore:generateDebugRFile UP-TO-DATE
> Task :react-native-firebase_messaging:compileDebugLibraryResources UP-TO-DATE
> Task :react-native-firebase_messaging:parseDebugLocalResources UP-TO-DATE
> Task :react-native-firebase_messaging:generateDebugRFile UP-TO-DATE
> Task :react-native-google-signin_google-signin:compileDebugLibraryResources UP-TO-DATE
> Task :react-native-google-signin_google-signin:parseDebugLocalResources UP-TO-DATE
> Task :react-native-google-signin_google-signin:generateDebugRFile UP-TO-DATE
> Task :react-native-health-connect:compileDebugLibraryResources UP-TO-DATE
> Task :react-native-health-connect:parseDebugLocalResources UP-TO-DATE
> Task :react-native-health-connect:generateDebugRFile UP-TO-DATE
> Task :react-native-linear-gradient:compileDebugLibraryResources UP-TO-DATE
> Task :react-native-linear-gradient:parseDebugLocalResources UP-TO-DATE
> Task :react-native-linear-gradient:generateDebugRFile UP-TO-DATE
> Task :react-native-maps:compileDebugLibraryResources UP-TO-DATE
> Task :react-native-maps:parseDebugLocalResources UP-TO-DATE
> Task :react-native-maps:generateDebugRFile UP-TO-DATE
> Task :react-native-safe-area-context:compileDebugLibraryResources UP-TO-DATE
> Task :react-native-safe-area-context:parseDebugLocalResources UP-TO-DATE
> Task :react-native-safe-area-context:generateDebugRFile UP-TO-DATE
> Task :react-native-screens:compileDebugLibraryResources UP-TO-DATE
> Task :react-native-screens:parseDebugLocalResources UP-TO-DATE
> Task :react-native-screens:generateDebugRFile UP-TO-DATE
> Task :react-native-svg:compileDebugLibraryResources UP-TO-DATE
> Task :react-native-svg:parseDebugLocalResources UP-TO-DATE
> Task :react-native-svg:generateDebugRFile UP-TO-DATE
> Task :react-native-vector-icons:compileDebugLibraryResources UP-TO-DATE
> Task :react-native-vector-icons:parseDebugLocalResources UP-TO-DATE
> Task :react-native-vector-icons:generateDebugRFile UP-TO-DATE
> Task :react-native-webrtc:compileDebugLibraryResources UP-TO-DATE
> Task :react-native-webrtc:parseDebugLocalResources UP-TO-DATE
> Task :react-native-webrtc:generateDebugRFile UP-TO-DATE
> Task :react-native-webview:compileDebugLibraryResources UP-TO-DATE
> Task :react-native-webview:parseDebugLocalResources UP-TO-DATE
> Task :react-native-webview:generateDebugRFile UP-TO-DATE
> Task :app:processDebugResources UP-TO-DATE
> Task :notifee_react-native:generateDebugBuildConfig UP-TO-DATE
> Task :notifee_react-native:javaPreCompileDebug UP-TO-DATE
> Task :notifee_react-native:compileDebugJavaWithJavac UP-TO-DATE
> Task :notifee_react-native:bundleLibCompileToJarDebug UP-TO-DATE
> Task :react-native-async-storage_async-storage:generateDebugBuildConfig UP-TO-DATE
> Task :react-native-async-storage_async-storage:javaPreCompileDebug UP-TO-DATE
> Task :react-native-async-storage_async-storage:compileDebugJavaWithJavac UP-TO-DATE
> Task :react-native-async-storage_async-storage:bundleLibCompileToJarDebug UP-TO-DATE
> Task :react-native-ble-manager:checkKotlinGradlePluginConfigurationErrors SKIPPED
> Task :react-native-ble-manager:generateDebugBuildConfig UP-TO-DATE
> Task :react-native-ble-manager:compileDebugKotlin NO-SOURCE
> Task :react-native-ble-manager:javaPreCompileDebug UP-TO-DATE
> Task :react-native-ble-manager:compileDebugJavaWithJavac UP-TO-DATE
> Task :react-native-ble-manager:bundleLibCompileToJarDebug UP-TO-DATE
> Task :react-native-community_slider:generateDebugBuildConfig UP-TO-DATE
> Task :react-native-community_slider:javaPreCompileDebug UP-TO-DATE
> Task :react-native-community_slider:compileDebugJavaWithJavac UP-TO-DATE
> Task :react-native-community_slider:bundleLibCompileToJarDebug UP-TO-DATE
> Task :react-native-firebase_app:generateDebugBuildConfig UP-TO-DATE
> Task :react-native-firebase_app:javaPreCompileDebug UP-TO-DATE
> Task :react-native-firebase_app:compileDebugJavaWithJavac UP-TO-DATE
> Task :react-native-firebase_app:bundleLibCompileToJarDebug UP-TO-DATE
> Task :react-native-firebase_auth:generateDebugBuildConfig UP-TO-DATE
> Task :react-native-firebase_auth:javaPreCompileDebug UP-TO-DATE
> Task :react-native-firebase_auth:compileDebugJavaWithJavac UP-TO-DATE
> Task :react-native-firebase_auth:bundleLibCompileToJarDebug UP-TO-DATE
> Task :react-native-firebase_database:generateDebugBuildConfig UP-TO-DATE
> Task :react-native-firebase_database:javaPreCompileDebug UP-TO-DATE
> Task :react-native-firebase_database:compileDebugJavaWithJavac UP-TO-DATE
> Task :react-native-firebase_database:bundleLibCompileToJarDebug UP-TO-DATE
> Task :react-native-firebase_firestore:generateDebugBuildConfig UP-TO-DATE
> Task :react-native-firebase_firestore:javaPreCompileDebug UP-TO-DATE
> Task :react-native-firebase_firestore:compileDebugJavaWithJavac UP-TO-DATE
> Task :react-native-firebase_firestore:bundleLibCompileToJarDebug UP-TO-DATE
> Task :react-native-firebase_messaging:generateDebugBuildConfig UP-TO-DATE
> Task :react-native-firebase_messaging:javaPreCompileDebug UP-TO-DATE
> Task :react-native-firebase_messaging:compileDebugJavaWithJavac UP-TO-DATE
> Task :react-native-firebase_messaging:bundleLibCompileToJarDebug UP-TO-DATE
> Task :react-native-google-signin_google-signin:checkKotlinGradlePluginConfigurationErrors SKIPPED
> Task :react-native-google-signin_google-signin:generateDebugBuildConfig UP-TO-DATE
> Task :react-native-google-signin_google-signin:compileDebugKotlin UP-TO-DATE
> Task :react-native-google-signin_google-signin:javaPreCompileDebug UP-TO-DATE
> Task :react-native-google-signin_google-signin:compileDebugJavaWithJavac UP-TO-DATE
> Task :react-native-google-signin_google-signin:bundleLibCompileToJarDebug UP-TO-DATE
> Task :react-native-health-connect:checkKotlinGradlePluginConfigurationErrors SKIPPED
> Task :react-native-health-connect:generateDebugBuildConfig UP-TO-DATE
> Task :react-native-health-connect:compileDebugKotlin UP-TO-DATE
> Task :react-native-health-connect:javaPreCompileDebug UP-TO-DATE
> Task :react-native-health-connect:compileDebugJavaWithJavac UP-TO-DATE
> Task :react-native-health-connect:bundleLibCompileToJarDebug UP-TO-DATE
> Task :react-native-linear-gradient:generateDebugBuildConfig UP-TO-DATE
> Task :react-native-linear-gradient:javaPreCompileDebug UP-TO-DATE
> Task :react-native-linear-gradient:compileDebugJavaWithJavac UP-TO-DATE
> Task :react-native-linear-gradient:bundleLibCompileToJarDebug UP-TO-DATE
> Task :react-native-maps:checkKotlinGradlePluginConfigurationErrors SKIPPED
> Task :react-native-maps:generateDebugBuildConfig UP-TO-DATE
> Task :react-native-maps:compileDebugKotlin NO-SOURCE
> Task :react-native-maps:javaPreCompileDebug UP-TO-DATE
> Task :react-native-maps:compileDebugJavaWithJavac UP-TO-DATE
> Task :react-native-maps:bundleLibCompileToJarDebug UP-TO-DATE
> Task :react-native-safe-area-context:checkKotlinGradlePluginConfigurationErrors SKIPPED
> Task :react-native-safe-area-context:generateDebugBuildConfig UP-TO-DATE
> Task :react-native-safe-area-context:compileDebugKotlin UP-TO-DATE
> Task :react-native-safe-area-context:javaPreCompileDebug UP-TO-DATE
> Task :react-native-safe-area-context:compileDebugJavaWithJavac UP-TO-DATE
> Task :react-native-safe-area-context:bundleLibCompileToJarDebug UP-TO-DATE
> Task :react-native-screens:checkKotlinGradlePluginConfigurationErrors SKIPPED
> Task :react-native-screens:generateDebugBuildConfig UP-TO-DATE
> Task :react-native-screens:compileDebugKotlin UP-TO-DATE
> Task :react-native-screens:javaPreCompileDebug UP-TO-DATE
> Task :react-native-screens:compileDebugJavaWithJavac UP-TO-DATE
> Task :react-native-screens:bundleLibCompileToJarDebug UP-TO-DATE
> Task :react-native-svg:generateDebugBuildConfig UP-TO-DATE
> Task :react-native-svg:javaPreCompileDebug UP-TO-DATE
> Task :react-native-svg:compileDebugJavaWithJavac UP-TO-DATE
> Task :react-native-svg:bundleLibCompileToJarDebug UP-TO-DATE
> Task :react-native-vector-icons:generateDebugBuildConfig UP-TO-DATE
> Task :react-native-vector-icons:javaPreCompileDebug UP-TO-DATE
> Task :react-native-vector-icons:compileDebugJavaWithJavac UP-TO-DATE
> Task :react-native-vector-icons:bundleLibCompileToJarDebug UP-TO-DATE
> Task :react-native-webrtc:generateDebugBuildConfig UP-TO-DATE
> Task :react-native-webrtc:javaPreCompileDebug UP-TO-DATE
> Task :react-native-webrtc:compileDebugJavaWithJavac UP-TO-DATE
> Task :react-native-webrtc:bundleLibCompileToJarDebug UP-TO-DATE
> Task :react-native-webview:checkKotlinGradlePluginConfigurationErrors SKIPPED
> Task :react-native-webview:generateDebugBuildConfig UP-TO-DATE
> Task :react-native-webview:compileDebugKotlin UP-TO-DATE
> Task :react-native-webview:javaPreCompileDebug UP-TO-DATE
> Task :react-native-webview:compileDebugJavaWithJavac UP-TO-DATE
> Task :react-native-webview:bundleLibCompileToJarDebug UP-TO-DATE
> Task :app:compileDebugKotlin UP-TO-DATE
> Task :app:javaPreCompileDebug UP-TO-DATE
> Task :app:compileDebugJavaWithJavac UP-TO-DATE
> Task :app:mergeDebugShaders UP-TO-DATE
> Task :app:compileDebugShaders NO-SOURCE
> Task :app:copyReactNativeVectorIconFonts UP-TO-DATE
> Task :app:generateDebugAssets UP-TO-DATE
> Task :notifee_react-native:mergeDebugShaders UP-TO-DATE
> Task :notifee_react-native:compileDebugShaders NO-SOURCE
> Task :notifee_react-native:generateDebugAssets UP-TO-DATE
> Task :notifee_react-native:mergeDebugAssets UP-TO-DATE
> Task :react-native-async-storage_async-storage:mergeDebugShaders UP-TO-DATE
> Task :react-native-async-storage_async-storage:compileDebugShaders NO-SOURCE
> Task :react-native-async-storage_async-storage:generateDebugAssets UP-TO-DATE
> Task :react-native-async-storage_async-storage:mergeDebugAssets UP-TO-DATE
> Task :react-native-ble-manager:mergeDebugShaders UP-TO-DATE
> Task :react-native-ble-manager:compileDebugShaders NO-SOURCE
> Task :react-native-ble-manager:generateDebugAssets UP-TO-DATE
> Task :react-native-ble-manager:mergeDebugAssets UP-TO-DATE
> Task :react-native-community_slider:mergeDebugShaders UP-TO-DATE
> Task :react-native-community_slider:compileDebugShaders NO-SOURCE
> Task :react-native-community_slider:generateDebugAssets UP-TO-DATE
> Task :react-native-community_slider:mergeDebugAssets UP-TO-DATE
> Task :react-native-firebase_app:mergeDebugShaders UP-TO-DATE
> Task :react-native-firebase_app:compileDebugShaders NO-SOURCE
> Task :react-native-firebase_app:generateDebugAssets UP-TO-DATE
> Task :react-native-firebase_app:mergeDebugAssets UP-TO-DATE
> Task :react-native-firebase_auth:mergeDebugShaders UP-TO-DATE
> Task :react-native-firebase_auth:compileDebugShaders NO-SOURCE
> Task :react-native-firebase_auth:generateDebugAssets UP-TO-DATE
> Task :react-native-firebase_auth:mergeDebugAssets UP-TO-DATE
> Task :react-native-firebase_database:mergeDebugShaders UP-TO-DATE
> Task :react-native-firebase_database:compileDebugShaders NO-SOURCE
> Task :react-native-firebase_database:generateDebugAssets UP-TO-DATE
> Task :react-native-firebase_database:mergeDebugAssets UP-TO-DATE
> Task :react-native-firebase_firestore:mergeDebugShaders UP-TO-DATE
> Task :react-native-firebase_firestore:compileDebugShaders NO-SOURCE
> Task :react-native-firebase_firestore:generateDebugAssets UP-TO-DATE
> Task :react-native-firebase_firestore:mergeDebugAssets UP-TO-DATE
> Task :react-native-firebase_messaging:mergeDebugShaders UP-TO-DATE
> Task :react-native-firebase_messaging:compileDebugShaders NO-SOURCE
> Task :react-native-firebase_messaging:generateDebugAssets UP-TO-DATE
> Task :react-native-firebase_messaging:mergeDebugAssets UP-TO-DATE
> Task :react-native-google-signin_google-signin:mergeDebugShaders UP-TO-DATE
> Task :react-native-google-signin_google-signin:compileDebugShaders NO-SOURCE
> Task :react-native-google-signin_google-signin:generateDebugAssets UP-TO-DATE
> Task :react-native-google-signin_google-signin:mergeDebugAssets UP-TO-DATE
> Task :react-native-health-connect:mergeDebugShaders UP-TO-DATE
> Task :react-native-health-connect:compileDebugShaders NO-SOURCE
> Task :react-native-health-connect:generateDebugAssets UP-TO-DATE
> Task :react-native-health-connect:mergeDebugAssets UP-TO-DATE
> Task :react-native-linear-gradient:mergeDebugShaders UP-TO-DATE
> Task :react-native-linear-gradient:compileDebugShaders NO-SOURCE
> Task :react-native-linear-gradient:generateDebugAssets UP-TO-DATE
> Task :react-native-linear-gradient:mergeDebugAssets UP-TO-DATE
> Task :react-native-maps:mergeDebugShaders UP-TO-DATE
> Task :react-native-maps:compileDebugShaders NO-SOURCE
> Task :react-native-maps:generateDebugAssets UP-TO-DATE
> Task :react-native-maps:mergeDebugAssets UP-TO-DATE
> Task :react-native-safe-area-context:mergeDebugShaders UP-TO-DATE
> Task :react-native-safe-area-context:compileDebugShaders NO-SOURCE
> Task :react-native-safe-area-context:generateDebugAssets UP-TO-DATE
> Task :react-native-safe-area-context:mergeDebugAssets UP-TO-DATE
> Task :react-native-screens:mergeDebugShaders UP-TO-DATE
> Task :react-native-screens:compileDebugShaders NO-SOURCE
> Task :react-native-screens:generateDebugAssets UP-TO-DATE
> Task :react-native-screens:mergeDebugAssets UP-TO-DATE
> Task :react-native-svg:mergeDebugShaders UP-TO-DATE
> Task :react-native-svg:compileDebugShaders NO-SOURCE
> Task :react-native-svg:generateDebugAssets UP-TO-DATE
> Task :react-native-svg:mergeDebugAssets UP-TO-DATE
> Task :react-native-vector-icons:mergeDebugShaders UP-TO-DATE
> Task :react-native-vector-icons:compileDebugShaders NO-SOURCE
> Task :react-native-vector-icons:generateDebugAssets UP-TO-DATE
> Task :react-native-vector-icons:mergeDebugAssets UP-TO-DATE
> Task :react-native-webrtc:mergeDebugShaders UP-TO-DATE
> Task :react-native-webrtc:compileDebugShaders NO-SOURCE
> Task :react-native-webrtc:generateDebugAssets UP-TO-DATE
> Task :react-native-webrtc:mergeDebugAssets UP-TO-DATE
> Task :react-native-webview:mergeDebugShaders UP-TO-DATE
> Task :react-native-webview:compileDebugShaders NO-SOURCE
> Task :react-native-webview:generateDebugAssets UP-TO-DATE
> Task :react-native-webview:mergeDebugAssets UP-TO-DATE
> Task :app:mergeDebugAssets UP-TO-DATE
> Task :app:compressDebugAssets UP-TO-DATE
> Task :react-native-google-signin_google-signin:bundleLibRuntimeToJarDebug UP-TO-DATE
> Task :react-native-ble-manager:bundleLibRuntimeToJarDebug UP-TO-DATE
> Task :react-native-health-connect:bundleLibRuntimeToJarDebug UP-TO-DATE
> Task :react-native-maps:bundleLibRuntimeToJarDebug UP-TO-DATE
> Task :react-native-safe-area-context:bundleLibRuntimeToJarDebug UP-TO-DATE
> Task :react-native-screens:bundleLibRuntimeToJarDebug UP-TO-DATE
> Task :react-native-webview:bundleLibRuntimeToJarDebug UP-TO-DATE
> Task :notifee_react-native:bundleLibRuntimeToJarDebug UP-TO-DATE
> Task :react-native-async-storage_async-storage:bundleLibRuntimeToJarDebug UP-TO-DATE
> Task :react-native-community_slider:bundleLibRuntimeToJarDebug UP-TO-DATE
> Task :react-native-firebase_auth:bundleLibRuntimeToJarDebug UP-TO-DATE
> Task :react-native-firebase_database:bundleLibRuntimeToJarDebug UP-TO-DATE
> Task :react-native-firebase_firestore:bundleLibRuntimeToJarDebug UP-TO-DATE
> Task :react-native-firebase_messaging:bundleLibRuntimeToJarDebug UP-TO-DATE
> Task :react-native-firebase_app:bundleLibRuntimeToJarDebug UP-TO-DATE
> Task :react-native-linear-gradient:bundleLibRuntimeToJarDebug UP-TO-DATE
> Task :react-native-svg:bundleLibRuntimeToJarDebug UP-TO-DATE
> Task :react-native-vector-icons:bundleLibRuntimeToJarDebug UP-TO-DATE
> Task :react-native-webrtc:bundleLibRuntimeToJarDebug UP-TO-DATE
> Task :app:desugarDebugFileDependencies UP-TO-DATE
> Task :app:dexBuilderDebug UP-TO-DATE
> Task :app:mergeDebugGlobalSynthetics UP-TO-DATE
> Task :app:processDebugJavaRes UP-TO-DATE
> Task :notifee_react-native:processDebugJavaRes NO-SOURCE
> Task :react-native-async-storage_async-storage:processDebugJavaRes NO-SOURCE
> Task :react-native-ble-manager:processDebugJavaRes NO-SOURCE
> Task :react-native-community_slider:processDebugJavaRes NO-SOURCE
> Task :react-native-firebase_app:processDebugJavaRes NO-SOURCE
> Task :react-native-firebase_auth:processDebugJavaRes NO-SOURCE
> Task :react-native-firebase_database:processDebugJavaRes NO-SOURCE
> Task :react-native-firebase_firestore:processDebugJavaRes NO-SOURCE
> Task :react-native-firebase_messaging:processDebugJavaRes NO-SOURCE
> Task :react-native-google-signin_google-signin:processDebugJavaRes UP-TO-DATE
> Task :react-native-health-connect:processDebugJavaRes UP-TO-DATE
> Task :react-native-linear-gradient:processDebugJavaRes NO-SOURCE
> Task :react-native-maps:processDebugJavaRes NO-SOURCE
> Task :react-native-safe-area-context:processDebugJavaRes UP-TO-DATE
> Task :react-native-screens:processDebugJavaRes UP-TO-DATE
> Task :react-native-svg:processDebugJavaRes NO-SOURCE
> Task :react-native-vector-icons:processDebugJavaRes NO-SOURCE
> Task :react-native-webrtc:processDebugJavaRes NO-SOURCE
> Task :react-native-webview:processDebugJavaRes UP-TO-DATE
> Task :app:mergeDebugJavaResource UP-TO-DATE
> Task :app:checkDebugDuplicateClasses UP-TO-DATE
> Task :app:mergeExtDexDebug UP-TO-DATE
> Task :react-native-google-signin_google-signin:bundleLibRuntimeToDirDebug UP-TO-DATE
> Task :react-native-ble-manager:bundleLibRuntimeToDirDebug UP-TO-DATE
> Task :react-native-health-connect:bundleLibRuntimeToDirDebug UP-TO-DATE
> Task :react-native-maps:bundleLibRuntimeToDirDebug UP-TO-DATE
> Task :react-native-safe-area-context:bundleLibRuntimeToDirDebug UP-TO-DATE
> Task :react-native-screens:bundleLibRuntimeToDirDebug UP-TO-DATE
> Task :react-native-webview:bundleLibRuntimeToDirDebug UP-TO-DATE
> Task :notifee_react-native:bundleLibRuntimeToDirDebug UP-TO-DATE
> Task :react-native-async-storage_async-storage:bundleLibRuntimeToDirDebug UP-TO-DATE
> Task :react-native-community_slider:bundleLibRuntimeToDirDebug UP-TO-DATE
> Task :react-native-firebase_auth:bundleLibRuntimeToDirDebug UP-TO-DATE
> Task :react-native-firebase_database:bundleLibRuntimeToDirDebug UP-TO-DATE
> Task :react-native-firebase_firestore:bundleLibRuntimeToDirDebug UP-TO-DATE
> Task :react-native-firebase_messaging:bundleLibRuntimeToDirDebug UP-TO-DATE
> Task :react-native-firebase_app:bundleLibRuntimeToDirDebug UP-TO-DATE
> Task :react-native-linear-gradient:bundleLibRuntimeToDirDebug UP-TO-DATE
> Task :react-native-svg:bundleLibRuntimeToDirDebug UP-TO-DATE
> Task :react-native-vector-icons:bundleLibRuntimeToDirDebug UP-TO-DATE
> Task :react-native-webrtc:bundleLibRuntimeToDirDebug UP-TO-DATE
> Task :app:mergeProjectDexDebug UP-TO-DATE
> Task :app:configureCMakeDebug[arm64-v8a]
> Task :app:mergeLibDexDebug UP-TO-DATE
> Task :app:buildCMakeDebug[arm64-v8a]
> Task :app:configureCMakeDebug[armeabi-v7a]
> Task :app:buildCMakeDebug[armeabi-v7a]
> Task :app:configureCMakeDebug[x86]
> Task :app:buildCMakeDebug[x86]
> Task :app:configureCMakeDebug[x86_64]
> Task :app:buildCMakeDebug[x86_64]
> Task :app:mergeDebugJniLibFolders UP-TO-DATE
> Task :notifee_react-native:mergeDebugJniLibFolders UP-TO-DATE
> Task :notifee_react-native:mergeDebugNativeLibs NO-SOURCE
> Task :notifee_react-native:copyDebugJniLibsProjectOnly UP-TO-DATE
> Task :react-native-async-storage_async-storage:mergeDebugJniLibFolders UP-TO-DATE
> Task :react-native-async-storage_async-storage:mergeDebugNativeLibs NO-SOURCE
> Task :react-native-async-storage_async-storage:copyDebugJniLibsProjectOnly UP-TO-DATE
> Task :react-native-ble-manager:mergeDebugJniLibFolders UP-TO-DATE
> Task :react-native-ble-manager:mergeDebugNativeLibs NO-SOURCE
> Task :react-native-ble-manager:copyDebugJniLibsProjectOnly UP-TO-DATE
> Task :react-native-community_slider:mergeDebugJniLibFolders UP-TO-DATE
> Task :react-native-community_slider:mergeDebugNativeLibs NO-SOURCE
> Task :react-native-community_slider:copyDebugJniLibsProjectOnly UP-TO-DATE
> Task :react-native-firebase_app:mergeDebugJniLibFolders UP-TO-DATE
> Task :react-native-firebase_app:mergeDebugNativeLibs NO-SOURCE
> Task :react-native-firebase_app:copyDebugJniLibsProjectOnly UP-TO-DATE
> Task :react-native-firebase_auth:mergeDebugJniLibFolders UP-TO-DATE
> Task :react-native-firebase_auth:mergeDebugNativeLibs NO-SOURCE
> Task :react-native-firebase_auth:copyDebugJniLibsProjectOnly UP-TO-DATE
> Task :react-native-firebase_database:mergeDebugJniLibFolders UP-TO-DATE
> Task :react-native-firebase_database:mergeDebugNativeLibs NO-SOURCE
> Task :react-native-firebase_database:copyDebugJniLibsProjectOnly UP-TO-DATE
> Task :react-native-firebase_firestore:mergeDebugJniLibFolders UP-TO-DATE
> Task :react-native-firebase_firestore:mergeDebugNativeLibs NO-SOURCE
> Task :react-native-firebase_firestore:copyDebugJniLibsProjectOnly UP-TO-DATE
> Task :react-native-firebase_messaging:mergeDebugJniLibFolders UP-TO-DATE
> Task :react-native-firebase_messaging:mergeDebugNativeLibs NO-SOURCE
> Task :react-native-firebase_messaging:copyDebugJniLibsProjectOnly UP-TO-DATE
> Task :react-native-google-signin_google-signin:mergeDebugJniLibFolders UP-TO-DATE
> Task :react-native-google-signin_google-signin:mergeDebugNativeLibs NO-SOURCE
> Task :react-native-google-signin_google-signin:copyDebugJniLibsProjectOnly UP-TO-DATE
> Task :react-native-health-connect:mergeDebugJniLibFolders UP-TO-DATE
> Task :react-native-health-connect:mergeDebugNativeLibs NO-SOURCE
> Task :react-native-health-connect:copyDebugJniLibsProjectOnly UP-TO-DATE
> Task :react-native-linear-gradient:mergeDebugJniLibFolders UP-TO-DATE
> Task :react-native-linear-gradient:mergeDebugNativeLibs NO-SOURCE
> Task :react-native-linear-gradient:copyDebugJniLibsProjectOnly UP-TO-DATE
> Task :react-native-maps:mergeDebugJniLibFolders UP-TO-DATE
> Task :react-native-maps:mergeDebugNativeLibs NO-SOURCE
> Task :react-native-maps:copyDebugJniLibsProjectOnly UP-TO-DATE
> Task :react-native-safe-area-context:mergeDebugJniLibFolders UP-TO-DATE
> Task :react-native-safe-area-context:mergeDebugNativeLibs NO-SOURCE
> Task :react-native-safe-area-context:copyDebugJniLibsProjectOnly UP-TO-DATE
> Task :react-native-screens:configureCMakeDebug[arm64-v8a]
> Task :react-native-screens:buildCMakeDebug[arm64-v8a]
> Task :react-native-screens:configureCMakeDebug[armeabi-v7a]
> Task :react-native-screens:buildCMakeDebug[armeabi-v7a]
> Task :react-native-screens:configureCMakeDebug[x86]
> Task :react-native-screens:buildCMakeDebug[x86]
> Task :react-native-screens:configureCMakeDebug[x86_64]
> Task :react-native-screens:buildCMakeDebug[x86_64]
> Task :react-native-screens:mergeDebugJniLibFolders UP-TO-DATE
> Task :react-native-screens:mergeDebugNativeLibs UP-TO-DATE
> Task :react-native-screens:copyDebugJniLibsProjectOnly UP-TO-DATE
> Task :react-native-svg:mergeDebugJniLibFolders UP-TO-DATE
> Task :react-native-svg:mergeDebugNativeLibs NO-SOURCE
> Task :react-native-svg:copyDebugJniLibsProjectOnly UP-TO-DATE
> Task :react-native-vector-icons:mergeDebugJniLibFolders UP-TO-DATE
> Task :react-native-vector-icons:mergeDebugNativeLibs NO-SOURCE
> Task :react-native-vector-icons:copyDebugJniLibsProjectOnly UP-TO-DATE
> Task :react-native-webrtc:mergeDebugJniLibFolders UP-TO-DATE
> Task :react-native-webrtc:mergeDebugNativeLibs NO-SOURCE
> Task :react-native-webrtc:copyDebugJniLibsProjectOnly UP-TO-DATE
> Task :react-native-webview:mergeDebugJniLibFolders UP-TO-DATE
> Task :react-native-webview:mergeDebugNativeLibs NO-SOURCE
> Task :react-native-webview:copyDebugJniLibsProjectOnly UP-TO-DATE
> Task :app:mergeDebugNativeLibs UP-TO-DATE
> Task :app:stripDebugDebugSymbols UP-TO-DATE
> Task :app:validateSigningDebug UP-TO-DATE
> Task :app:writeDebugAppMetadata UP-TO-DATE
> Task :app:writeDebugSigningConfigVersions UP-TO-DATE
> Task :app:packageDebug UP-TO-DATE
> Task :app:createDebugApkListingFileRedirect UP-TO-DATE

> Task :app:installDebug
Installing APK 'app-debug.apk' on 'RMX2161 - 12' for :app:debug

> Task :app:installDebug FAILED

[Incubating] Problems report is available at: file:///C:/Mediqzt-App/MediqzyApp/android/build/reports/problems/problems-report.html

Deprecated Gradle features were used in this build, making it incompatible with Gradle 10.

You can use '--warning-mode all' to show the individual deprecation warnings and determine if they come from your own scripts or plugins.

For more on this, please refer to https://docs.gradle.org/9.0.0/userguide/command_line_interface.html#sec:command_line_warnings in the Gradle documentation.
461 actionable tasks: 17 executed, 444 up-to-date

info ≡ƒÆí Tip: Make sure that you have set up your development environment correctly, by running npx react-native doctor. To read more about doctor command visit: https://github.com/react-native-community/cli/blob/main/packages/cli-doctor/README.md#doctor 

Unable to install C:\Mediqzt-App\MediqzyApp\android\app\build\outputs\apk\debug\app-debug.apk
com.android.ddmlib.InstallException: INSTALL_FAILED_UPDATE_INCOMPATIBLE: Package com.mediqzyapp signatures do not match previously installed version; ignoring!
	at com.android.ddmlib.IDeviceSharedImpl.installRemotePackage(IDeviceSharedImpl.java:344)
	at com.android.ddmlib.IDeviceSharedImpl.installPackage(IDeviceSharedImpl.java:367)
	at com.android.ddmlib.internal.DeviceImpl.lambda$installPackage$33(DeviceImpl.java:1470)
	at com.android.ddmlib.internal.DeviceImpl.logRun3(DeviceImpl.java:1833)
	at com.android.ddmlib.internal.DeviceImpl.installPackage(DeviceImpl.java:1467)
	at com.android.ddmlib.internal.DeviceImpl.lambda$installPackage$32(DeviceImpl.java:1447)
	at com.android.ddmlib.internal.DeviceImpl.logRun3(DeviceImpl.java:1833)
	at com.android.ddmlib.internal.DeviceImpl.installPackage(DeviceImpl.java:1443)
	at com.android.ddmlib.internal.DeviceImpl.lambda$installPackage$31(DeviceImpl.java:1433)
	at com.android.ddmlib.internal.DeviceImpl.logRun3(DeviceImpl.java:1833)
	at com.android.ddmlib.internal.DeviceImpl.installPackage(DeviceImpl.java:1431)
	at com.android.build.gradle.internal.testing.ConnectedDevice.installPackage(ConnectedDevice.java:129)
	at com.android.build.gradle.internal.tasks.InstallVariantTask.installPackages(InstallVariantTask.java:214)
	at com.android.build.gradle.internal.tasks.InstallVariantTask.install(InstallVariantTask.java:187)
	at com.android.build.gradle.internal.tasks.InstallVariantTask.lambda$doTaskAction$1(InstallVariantTask.java:124)
	at com.android.builder.testing.api.DeviceProvider.use(DeviceProvider.java:55)
	at com.android.build.gradle.internal.tasks.InstallVariantTask.doTaskAction(InstallVariantTask.java:109)
	at com.android.build.gradle.internal.tasks.NonIncrementalTask$taskAction$$inlined$recordTaskAction$1.invoke(BaseTask.kt:60)
	at com.android.build.gradle.internal.tasks.Blocks.recordSpan(Blocks.java:51)
	at com.android.build.gradle.internal.tasks.NonIncrementalTask.taskAction(NonIncrementalTask.kt:78)
	at jdk.internal.reflect.GeneratedMethodAccessor497.invoke(Unknown Source)
	at java.base@17.0.12/jdk.internal.reflect.DelegatingMethodAccessorImpl.invoke(DelegatingMethodAccessorImpl.java:43)
	at java.base@17.0.12/java.lang.reflect.Method.invoke(Method.java:568)
	at org.gradle.internal.reflect.JavaMethod.invoke(JavaMethod.java:125)
	at org.gradle.api.internal.project.taskfactory.StandardTaskAction.doExecute(StandardTaskAction.java:58)
	at org.gradle.api.internal.project.taskfactory.StandardTaskAction.execute(StandardTaskAction.java:51)
	at org.gradle.api.internal.project.taskfactory.StandardTaskAction.execute(StandardTaskAction.java:29)
	at org.gradle.api.internal.tasks.execution.TaskExecution$3.run(TaskExecution.java:252)
	at org.gradle.internal.operations.DefaultBuildOperationRunner$1.execute(DefaultBuildOperationRunner.java:29)
	at org.gradle.internal.operations.DefaultBuildOperationRunner$1.execute(DefaultBuildOperationRunner.java:26)
	at org.gradle.internal.operations.DefaultBuildOperationRunner$2.execute(DefaultBuildOperationRunner.java:66)
	at org.gradle.internal.operations.DefaultBuildOperationRunner$2.execute(DefaultBuildOperationRunner.java:59)
	at org.gradle.internal.operations.DefaultBuildOperationRunner.execute(DefaultBuildOperationRunner.java:166)
	at org.gradle.internal.operations.DefaultBuildOperationRunner.execute(DefaultBuildOperationRunner.java:59)
	at org.gradle.internal.operations.DefaultBuildOperationRunner.run(DefaultBuildOperationRunner.java:47)
	at org.gradle.api.internal.tasks.execution.TaskExecution.executeAction(TaskExecution.java:237)
	at org.gradle.api.internal.tasks.execution.TaskExecution.executeActions(TaskExecution.java:220)
	at org.gradle.api.internal.tasks.execution.TaskExecution.executeWithPreviousOutputFiles(TaskExecution.java:203)
	at org.gradle.api.internal.tasks.execution.TaskExecution.execute(TaskExecution.java:170)
	at org.gradle.internal.execution.steps.ExecuteStep.executeInternal(ExecuteStep.java:105)
	at org.gradle.internal.execution.steps.ExecuteStep.access$000(ExecuteStep.java:44)
	at org.gradle.internal.execution.steps.ExecuteStep$1.call(ExecuteStep.java:59)
	at org.gradle.internal.execution.steps.ExecuteStep$1.call(ExecuteStep.java:56)
	at org.gradle.internal.operations.DefaultBuildOperationRunner$CallableBuildOperationWorker.execute(DefaultBuildOperationRunner.java:209)
	at org.gradle.internal.operations.DefaultBuildOperationRunner$CallableBuildOperationWorker.execute(DefaultBuildOperationRunner.java:204)
	at org.gradle.internal.operations.DefaultBuildOperationRunner$2.execute(DefaultBuildOperationRunner.java:66)
	at org.gradle.internal.operations.DefaultBuildOperationRunner$2.execute(DefaultBuildOperationRunner.java:59)
	at org.gradle.internal.operations.DefaultBuildOperationRunner.execute(DefaultBuildOperationRunner.java:166)
	at org.gradle.internal.operations.DefaultBuildOperationRunner.execute(DefaultBuildOperationRunner.java:59)
	at org.gradle.internal.operations.DefaultBuildOperationRunner.call(DefaultBuildOperationRunner.java:53)
	at org.gradle.internal.execution.steps.ExecuteStep.execute(ExecuteStep.java:56)
	at org.gradle.internal.execution.steps.ExecuteStep.execute(ExecuteStep.java:44)
	at org.gradle.internal.execution.steps.CancelExecutionStep.execute(CancelExecutionStep.java:42)
	at org.gradle.internal.execution.steps.TimeoutStep.executeWithoutTimeout(TimeoutStep.java:75)
	at org.gradle.internal.execution.steps.TimeoutStep.execute(TimeoutStep.java:55)
	at org.gradle.internal.execution.steps.PreCreateOutputParentsStep.execute(PreCreateOutputParentsStep.java:50)
	at org.gradle.internal.execution.steps.PreCreateOutputParentsStep.execute(PreCreateOutputParentsStep.java:28)
	at org.gradle.internal.execution.steps.RemovePreviousOutputsStep.execute(RemovePreviousOutputsStep.java:68)
	at org.gradle.internal.execution.steps.RemovePreviousOutputsStep.execute(RemovePreviousOutputsStep.java:38)
	at org.gradle.internal.execution.steps.BroadcastChangingOutputsStep.execute(BroadcastChangingOutputsStep.java:61)
	at org.gradle.internal.execution.steps.BroadcastChangingOutputsStep.execute(BroadcastChangingOutputsStep.java:26)
	at org.gradle.internal.execution.steps.CaptureOutputsAfterExecutionStep.execute(CaptureOutputsAfterExecutionStep.java:69)
	at org.gradle.internal.execution.steps.CaptureOutputsAfterExecutionStep.execute(CaptureOutputsAfterExecutionStep.java:46)
	at org.gradle.internal.execution.steps.ResolveInputChangesStep.execute(ResolveInputChangesStep.java:39)
	at org.gradle.internal.execution.steps.ResolveInputChangesStep.execute(ResolveInputChangesStep.java:28)
	at org.gradle.internal.execution.steps.BuildCacheStep.executeWithoutCache(BuildCacheStep.java:189)
	at org.gradle.internal.execution.steps.BuildCacheStep.lambda$execute$1(BuildCacheStep.java:75)
	at org.gradle.internal.Either$Right.fold(Either.java:176)
	at org.gradle.internal.execution.caching.CachingState.fold(CachingState.java:62)
	at org.gradle.internal.execution.steps.BuildCacheStep.execute(BuildCacheStep.java:73)
	at org.gradle.internal.execution.steps.BuildCacheStep.execute(BuildCacheStep.java:48)
	at org.gradle.internal.execution.steps.StoreExecutionStateStep.execute(StoreExecutionStateStep.java:46)
	at org.gradle.internal.execution.steps.StoreExecutionStateStep.execute(StoreExecutionStateStep.java:35)
	at org.gradle.internal.execution.steps.SkipUpToDateStep.executeBecause(SkipUpToDateStep.java:75)
	at org.gradle.internal.execution.steps.SkipUpToDateStep.lambda$execute$2(SkipUpToDateStep.java:53)
	at java.base@17.0.12/java.util.Optional.orElseGet(Optional.java:364)
	at org.gradle.internal.execution.steps.SkipUpToDateStep.execute(SkipUpToDateStep.java:53)
	at org.gradle.internal.execution.steps.SkipUpToDateStep.execute(SkipUpToDateStep.java:35)
	at org.gradle.internal.execution.steps.legacy.MarkSnapshottingInputsFinishedStep.execute(MarkSnapshottingInputsFinishedStep.java:37)
	at org.gradle.internal.execution.steps.legacy.MarkSnapshottingInputsFinishedStep.execute(MarkSnapshottingInputsFinishedStep.java:27)
	at org.gradle.internal.execution.steps.ResolveIncrementalCachingStateStep.executeDelegate(ResolveIncrementalCachingStateStep.java:49)
	at org.gradle.internal.execution.steps.ResolveIncrementalCachingStateStep.executeDelegate(ResolveIncrementalCachingStateStep.java:27)
	at org.gradle.internal.execution.steps.AbstractResolveCachingStateStep.execute(AbstractResolveCachingStateStep.java:71)
	at org.gradle.internal.execution.steps.AbstractResolveCachingStateStep.execute(AbstractResolveCachingStateStep.java:39)
	at org.gradle.internal.execution.steps.ResolveChangesStep.execute(ResolveChangesStep.java:64)
	at org.gradle.internal.execution.steps.ResolveChangesStep.execute(ResolveChangesStep.java:35)
	at org.gradle.internal.execution.steps.ValidateStep.execute(ValidateStep.java:62)
	at org.gradle.internal.execution.steps.ValidateStep.execute(ValidateStep.java:40)
	at org.gradle.internal.execution.steps.AbstractCaptureStateBeforeExecutionStep.execute(AbstractCaptureStateBeforeExecutionStep.java:76)
	at org.gradle.internal.execution.steps.AbstractCaptureStateBeforeExecutionStep.execute(AbstractCaptureStateBeforeExecutionStep.java:45)
	at org.gradle.internal.execution.steps.AbstractSkipEmptyWorkStep.executeWithNonEmptySources(AbstractSkipEmptyWorkStep.java:136)
	at org.gradle.internal.execution.steps.AbstractSkipEmptyWorkStep.execute(AbstractSkipEmptyWorkStep.java:61)
	at org.gradle.internal.execution.steps.AbstractSkipEmptyWorkStep.execute(AbstractSkipEmptyWorkStep.java:38)
	at org.gradle.internal.execution.steps.legacy.MarkSnapshottingInputsStartedStep.execute(MarkSnapshottingInputsStartedStep.java:38)
	at org.gradle.internal.execution.steps.LoadPreviousExecutionStateStep.execute(LoadPreviousExecutionStateStep.java:36)
	at org.gradle.internal.execution.steps.LoadPreviousExecutionStateStep.execute(LoadPreviousExecutionStateStep.java:23)
	at org.gradle.internal.execution.steps.HandleStaleOutputsStep.execute(HandleStaleOutputsStep.java:75)
	at org.gradle.internal.execution.steps.HandleStaleOutputsStep.execute(HandleStaleOutputsStep.java:41)
	at org.gradle.internal.execution.steps.AssignMutableWorkspaceStep.lambda$execute$0(AssignMutableWorkspaceStep.java:35)
	at org.gradle.api.internal.tasks.execution.TaskExecution$4.withWorkspace(TaskExecution.java:297)
	at org.gradle.internal.execution.steps.AssignMutableWorkspaceStep.execute(AssignMutableWorkspaceStep.java:31)
	at org.gradle.internal.execution.steps.AssignMutableWorkspaceStep.execute(AssignMutableWorkspaceStep.java:22)
	at org.gradle.internal.execution.steps.ChoosePipelineStep.execute(ChoosePipelineStep.java:40)
	at org.gradle.internal.execution.steps.ChoosePipelineStep.execute(ChoosePipelineStep.java:23)
	at org.gradle.internal.execution.steps.ExecuteWorkBuildOperationFiringStep.lambda$execute$2(ExecuteWorkBuildOperationFiringStep.java:67)
	at java.base@17.0.12/java.util.Optional.orElseGet(Optional.java:364)
	at org.gradle.internal.execution.steps.ExecuteWorkBuildOperationFiringStep.execute(ExecuteWorkBuildOperationFiringStep.java:67)
	at org.gradle.internal.execution.steps.ExecuteWorkBuildOperationFiringStep.execute(ExecuteWorkBuildOperationFiringStep.java:39)
	at org.gradle.internal.execution.steps.IdentityCacheStep.execute(IdentityCacheStep.java:46)
	at org.gradle.internal.execution.steps.IdentityCacheStep.execute(IdentityCacheStep.java:34)
	at org.gradle.internal.execution.steps.IdentifyStep.execute(IdentifyStep.java:47)
	at org.gradle.internal.execution.steps.IdentifyStep.execute(IdentifyStep.java:34)
	at org.gradle.internal.execution.impl.DefaultExecutionEngine$1.execute(DefaultExecutionEngine.java:64)
	at org.gradle.api.internal.tasks.execution.ExecuteActionsTaskExecuter.executeIfValid(ExecuteActionsTaskExecuter.java:132)
	at org.gradle.api.internal.tasks.execution.ExecuteActionsTaskExecuter.execute(ExecuteActionsTaskExecuter.java:121)
	at org.gradle.api.internal.tasks.execution.ProblemsTaskPathTrackingTaskExecuter.execute(ProblemsTaskPathTrackingTaskExecuter.java:41)
	at org.gradle.api.internal.tasks.execution.FinalizePropertiesTaskExecuter.execute(FinalizePropertiesTaskExecuter.java:46)
	at org.gradle.api.internal.tasks.execution.ResolveTaskExecutionModeExecuter.execute(ResolveTaskExecutionModeExecuter.java:51)
	at org.gradle.api.internal.tasks.execution.SkipTaskWithNoActionsExecuter.execute(SkipTaskWithNoActionsExecuter.java:57)
	at org.gradle.api.internal.tasks.execution.SkipOnlyIfTaskExecuter.execute(SkipOnlyIfTaskExecuter.java:74)
	at org.gradle.api.internal.tasks.execution.CatchExceptionTaskExecuter.execute(CatchExceptionTaskExecuter.java:36)
	at org.gradle.api.internal.tasks.execution.EventFiringTaskExecuter$1.executeTask(EventFiringTaskExecuter.java:77)
	at org.gradle.api.internal.tasks.execution.EventFiringTaskExecuter$1.call(EventFiringTaskExecuter.java:55)
	at org.gradle.api.internal.tasks.execution.EventFiringTaskExecuter$1.call(EventFiringTaskExecuter.java:52)
	at org.gradle.internal.operations.DefaultBuildOperationRunner$CallableBuildOperationWorker.execute(DefaultBuildOperationRunner.java:209)
	at org.gradle.internal.operations.DefaultBuildOperationRunner$CallableBuildOperationWorker.execute(DefaultBuildOperationRunner.java:204)
	at org.gradle.internal.operations.DefaultBuildOperationRunner$2.execute(DefaultBuildOperationRunner.java:66)
	at org.gradle.internal.operations.DefaultBuildOperationRunner$2.execute(DefaultBuildOperationRunner.java:59)
	at org.gradle.internal.operations.DefaultBuildOperationRunner.execute(DefaultBuildOperationRunner.java:166)
	at org.gradle.internal.operations.DefaultBuildOperationRunner.execute(DefaultBuildOperationRunner.java:59)
	at org.gradle.internal.operations.DefaultBuildOperationRunner.call(DefaultBuildOperationRunner.java:53)
	at org.gradle.api.internal.tasks.execution.EventFiringTaskExecuter.execute(EventFiringTaskExecuter.java:52)
	at org.gradle.execution.plan.LocalTaskNodeExecutor.execute(LocalTaskNodeExecutor.java:45)
	at org.gradle.execution.taskgraph.DefaultTaskExecutionGraph$InvokeNodeExecutorsAction.execute(DefaultTaskExecutionGraph.java:347)
	at org.gradle.execution.taskgraph.DefaultTaskExecutionGraph$InvokeNodeExecutorsAction.execute(DefaultTaskExecutionGraph.java:334)
	at org.gradle.execution.taskgraph.DefaultTaskExecutionGraph$BuildOperationAwareExecutionAction.lambda$execute$0(DefaultTaskExecutionGraph.java:330)
	at org.gradle.internal.operations.CurrentBuildOperationRef.with(CurrentBuildOperationRef.java:84)
	at org.gradle.execution.taskgraph.DefaultTaskExecutionGraph$BuildOperationAwareExecutionAction.execute(DefaultTaskExecutionGraph.java:330)
	at org.gradle.execution.taskgraph.DefaultTaskExecutionGraph$BuildOperationAwareExecutionAction.execute(DefaultTaskExecutionGraph.java:319)
	at org.gradle.execution.plan.DefaultPlanExecutor$ExecutorWorker.execute(DefaultPlanExecutor.java:459)
	at org.gradle.execution.plan.DefaultPlanExecutor$ExecutorWorker.run(DefaultPlanExecutor.java:376)
	at org.gradle.execution.plan.DefaultPlanExecutor.process(DefaultPlanExecutor.java:111)
	at org.gradle.execution.taskgraph.DefaultTaskExecutionGraph.executeWithServices(DefaultTaskExecutionGraph.java:144)
	at org.gradle.execution.taskgraph.DefaultTaskExecutionGraph.execute(DefaultTaskExecutionGraph.java:129)
	at org.gradle.execution.SelectedTaskExecutionAction.execute(SelectedTaskExecutionAction.java:35)
	at org.gradle.execution.DryRunBuildExecutionAction.execute(DryRunBuildExecutionAction.java:51)
	at org.gradle.execution.BuildOperationFiringBuildWorkerExecutor$ExecuteTasks.call(BuildOperationFiringBuildWorkerExecutor.java:54)
	at org.gradle.execution.BuildOperationFiringBuildWorkerExecutor$ExecuteTasks.call(BuildOperationFiringBuildWorkerExecutor.java:43)
	at org.gradle.internal.operations.DefaultBuildOperationRunner$CallableBuildOperationWorker.execute(DefaultBuildOperationRunner.java:209)
	at org.gradle.internal.operations.DefaultBuildOperationRunner$CallableBuildOperationWorker.execute(DefaultBuildOperationRunner.java:204)
	at org.gradle.internal.operations.DefaultBuildOperationRunner$2.execute(DefaultBuildOperationRunner.java:66)
	at org.gradle.internal.operations.DefaultBuildOperationRunner$2.execute(DefaultBuildOperationRunner.java:59)
	at org.gradle.internal.operations.DefaultBuildOperationRunner.execute(DefaultBuildOperationRunner.java:166)
	at org.gradle.internal.operations.DefaultBuildOperationRunner.execute(DefaultBuildOperationRunner.java:59)
	at org.gradle.internal.operations.DefaultBuildOperationRunner.call(DefaultBuildOperationRunner.java:53)
	at org.gradle.execution.BuildOperationFiringBuildWorkerExecutor.execute(BuildOperationFiringBuildWorkerExecutor.java:40)
	at org.gradle.internal.build.DefaultBuildLifecycleController.lambda$executeTasks$10(DefaultBuildLifecycleController.java:313)
	at org.gradle.internal.model.StateTransitionController.doTransition(StateTransitionController.java:266)
	at org.gradle.internal.model.StateTransitionController.lambda$tryTransition$8(StateTransitionController.java:177)
	at org.gradle.internal.work.DefaultSynchronizer.withLock(DefaultSynchronizer.java:45)
	at org.gradle.internal.model.StateTransitionController.tryTransition(StateTransitionController.java:177)
	at org.gradle.internal.build.DefaultBuildLifecycleController.executeTasks(DefaultBuildLifecycleController.java:304)
	at org.gradle.internal.build.DefaultBuildWorkGraphController$DefaultBuildWorkGraph.runWork(DefaultBuildWorkGraphController.java:220)
	at org.gradle.internal.work.DefaultWorkerLeaseService.withLocks(DefaultWorkerLeaseService.java:263)
	at org.gradle.internal.work.DefaultWorkerLeaseService.runAsWorkerThread(DefaultWorkerLeaseService.java:127)
	at org.gradle.composite.internal.DefaultBuildController.doRun(DefaultBuildController.java:181)
	at org.gradle.composite.internal.DefaultBuildController.access$000(DefaultBuildController.java:50)
	at org.gradle.composite.internal.DefaultBuildController$BuildOpRunnable.lambda$run$0(DefaultBuildController.java:198)
	at org.gradle.internal.operations.CurrentBuildOperationRef.with(CurrentBuildOperationRef.java:84)
	at org.gradle.composite.internal.DefaultBuildController$BuildOpRunnable.run(DefaultBuildController.java:198)
	at java.base@17.0.12/java.util.concurrent.Executors$RunnableAdapter.call(Executors.java:539)
	at java.base@17.0.12/java.util.concurrent.FutureTask.run(FutureTask.java:264)
	at org.gradle.internal.concurrent.ExecutorPolicy$CatchAndRecordFailures.onExecute(ExecutorPolicy.java:64)
	at org.gradle.internal.concurrent.AbstractManagedExecutor$1.run(AbstractManagedExecutor.java:47)
	at java.base@17.0.12/java.util.concurrent.ThreadPoolExecutor.runWorker(ThreadPoolExecutor.java:1136)
	at java.base@17.0.12/java.util.concurrent.ThreadPoolExecutor$Worker.run(ThreadPoolExecutor.java:635)
	at java.base@17.0.12/java.lang.Thread.run(Thread.java:842)

FAILURE: Build failed with an exception.

* What went wrong:
Execution failed for task ':app:installDebug'.
> java.util.concurrent.ExecutionException: com.android.builder.testing.api.DeviceException: com.android.ddmlib.InstallException: INSTALL_FAILED_UPDATE_INCOMPATIBLE: Package com.mediqzyapp signatures do not match previously installed version; ignoring!

* Try:
> Run with --stacktrace option to get the stack trace.
> Run with --info or --debug option to get more log output.
> Run with --scan to generate a Build Scan (Powered by Develocity).
> Get more help at https://help.gradle.org.

BUILD FAILED in 56s
npm : error Failed to install the app. Command failed with exit 
code 1: gradlew.bat app:installDebug 
-PreactNativeDevServerPort=8081
At line:1 char:1
+ npm run android > build_error.log 2>&1
+ ~~~~~~~~~~~~~~~~~~~~~~~~~~~~~~~~~~~~~~
    + CategoryInfo          : NotSpecified: (error Failed to...Ser 
   verPort=8081:String) [], RemoteException
    + FullyQualifiedErrorId : NativeCommandError
 
Unable to install C:\Mediqzt-App\MediqzyApp\android\app\build\outpu
ts\apk\debug\app-debug.apk com.android.ddmlib.InstallException: 
INSTALL_FAILED_UPDATE_INCOMPATIBLE: Package com.mediqzyapp 
signatures do not match previously installed version; ignoring! at 
com.android.ddmlib.IDeviceSharedImpl.installRemotePackage(IDeviceSh
aredImpl.java:344) at com.android.ddmlib.IDeviceSharedImpl.installP
ackage(IDeviceSharedImpl.java:367) at com.android.ddmlib.internal.D
eviceImpl.lambda$installPackage$33(DeviceImpl.java:1470) at com.and
roid.ddmlib.internal.DeviceImpl.logRun3(DeviceImpl.java:1833) at co
m.android.ddmlib.internal.DeviceImpl.installPackage(DeviceImpl.java
:1467) at com.android.ddmlib.internal.DeviceImpl.lambda$installPack
age$32(DeviceImpl.java:1447) at com.android.ddmlib.internal.DeviceI
mpl.logRun3(DeviceImpl.java:1833) at com.android.ddmlib.internal.De
viceImpl.installPackage(DeviceImpl.java:1443) at com.android.ddmlib
.internal.DeviceImpl.lambda$installPackage$31(DeviceImpl.java:1433)
 at com.android.ddmlib.internal.DeviceImpl.logRun3(DeviceImpl.java:
1833) at com.android.ddmlib.internal.DeviceImpl.installPackage(Devi
ceImpl.java:1431) at com.android.build.gradle.internal.testing.Conn
ectedDevice.installPackage(ConnectedDevice.java:129) at com.android
.build.gradle.internal.tasks.InstallVariantTask.installPackages(Ins
tallVariantTask.java:214) at com.android.build.gradle.internal.task
s.InstallVariantTask.install(InstallVariantTask.java:187) at com.an
droid.build.gradle.internal.tasks.InstallVariantTask.lambda$doTaskA
ction$1(InstallVariantTask.java:124) at com.android.builder.testing
.api.DeviceProvider.use(DeviceProvider.java:55) at com.android.buil
d.gradle.internal.tasks.InstallVariantTask.doTaskAction(InstallVari
antTask.java:109) at com.android.build.gradle.internal.tasks.NonInc
rementalTask$taskAction$$inlined$recordTaskAction$1.invoke(BaseTask
.kt:60) at com.android.build.gradle.internal.tasks.Blocks.recordSpa
n(Blocks.java:51) at com.android.build.gradle.internal.tasks.NonInc
rementalTask.taskAction(NonIncrementalTask.kt:78) at 
jdk.internal.reflect.GeneratedMethodAccessor497.invoke(Unknown 
Source) at java.base@17.0.12/jdk.internal.reflect.DelegatingMethodA
ccessorImpl.invoke(DelegatingMethodAccessorImpl.java:43) at 
java.base@17.0.12/java.lang.reflect.Method.invoke(Method.java:568) 
at 
org.gradle.internal.reflect.JavaMethod.invoke(JavaMethod.java:125) 
at org.gradle.api.internal.project.taskfactory.StandardTaskAction.d
oExecute(StandardTaskAction.java:58) at org.gradle.api.internal.pro
ject.taskfactory.StandardTaskAction.execute(StandardTaskAction.java
:51) at org.gradle.api.internal.project.taskfactory.StandardTaskAct
ion.execute(StandardTaskAction.java:29) at org.gradle.api.internal.
tasks.execution.TaskExecution$3.run(TaskExecution.java:252) at org.
gradle.internal.operations.DefaultBuildOperationRunner$1.execute(De
faultBuildOperationRunner.java:29) at org.gradle.internal.operation
s.DefaultBuildOperationRunner$1.execute(DefaultBuildOperationRunner
.java:26) at org.gradle.internal.operations.DefaultBuildOperationRu
nner$2.execute(DefaultBuildOperationRunner.java:66) at org.gradle.i
nternal.operations.DefaultBuildOperationRunner$2.execute(DefaultBui
ldOperationRunner.java:59) at org.gradle.internal.operations.Defaul
tBuildOperationRunner.execute(DefaultBuildOperationRunner.java:166)
 at org.gradle.internal.operations.DefaultBuildOperationRunner.exec
ute(DefaultBuildOperationRunner.java:59) at org.gradle.internal.ope
rations.DefaultBuildOperationRunner.run(DefaultBuildOperationRunner
.java:47) at org.gradle.api.internal.tasks.execution.TaskExecution.
executeAction(TaskExecution.java:237) at org.gradle.api.internal.ta
sks.execution.TaskExecution.executeActions(TaskExecution.java:220) 
at org.gradle.api.internal.tasks.execution.TaskExecution.executeWit
hPreviousOutputFiles(TaskExecution.java:203) at org.gradle.api.inte
rnal.tasks.execution.TaskExecution.execute(TaskExecution.java:170) 
at org.gradle.internal.execution.steps.ExecuteStep.executeInternal(
ExecuteStep.java:105) at org.gradle.internal.execution.steps.Execut
eStep.access$000(ExecuteStep.java:44) at org.gradle.internal.execut
ion.steps.ExecuteStep$1.call(ExecuteStep.java:59) at org.gradle.int
ernal.execution.steps.ExecuteStep$1.call(ExecuteStep.java:56) at or
g.gradle.internal.operations.DefaultBuildOperationRunner$CallableBu
ildOperationWorker.execute(DefaultBuildOperationRunner.java:209) 
at org.gradle.internal.operations.DefaultBuildOperationRunner$Calla
bleBuildOperationWorker.execute(DefaultBuildOperationRunner.java:20
4) at org.gradle.internal.operations.DefaultBuildOperationRunner$2.
execute(DefaultBuildOperationRunner.java:66) at org.gradle.internal
.operations.DefaultBuildOperationRunner$2.execute(DefaultBuildOpera
tionRunner.java:59) at org.gradle.internal.operations.DefaultBuildO
perationRunner.execute(DefaultBuildOperationRunner.java:166) at org
.gradle.internal.operations.DefaultBuildOperationRunner.execute(Def
aultBuildOperationRunner.java:59) at org.gradle.internal.operations
.DefaultBuildOperationRunner.call(DefaultBuildOperationRunner.java:
53) at org.gradle.internal.execution.steps.ExecuteStep.execute(Exec
uteStep.java:56) at org.gradle.internal.execution.steps.ExecuteStep
.execute(ExecuteStep.java:44) at org.gradle.internal.execution.step
s.CancelExecutionStep.execute(CancelExecutionStep.java:42) at org.g
radle.internal.execution.steps.TimeoutStep.executeWithoutTimeout(Ti
meoutStep.java:75) at org.gradle.internal.execution.steps.TimeoutSt
ep.execute(TimeoutStep.java:55) at org.gradle.internal.execution.st
eps.PreCreateOutputParentsStep.execute(PreCreateOutputParentsStep.j
ava:50) at org.gradle.internal.execution.steps.PreCreateOutputParen
tsStep.execute(PreCreateOutputParentsStep.java:28) at org.gradle.in
ternal.execution.steps.RemovePreviousOutputsStep.execute(RemovePrev
iousOutputsStep.java:68) at org.gradle.internal.execution.steps.Rem
ovePreviousOutputsStep.execute(RemovePreviousOutputsStep.java:38) 
at org.gradle.internal.execution.steps.BroadcastChangingOutputsStep
.execute(BroadcastChangingOutputsStep.java:61) at org.gradle.intern
al.execution.steps.BroadcastChangingOutputsStep.execute(BroadcastCh
angingOutputsStep.java:26) at org.gradle.internal.execution.steps.C
aptureOutputsAfterExecutionStep.execute(CaptureOutputsAfterExecutio
nStep.java:69) at org.gradle.internal.execution.steps.CaptureOutput
sAfterExecutionStep.execute(CaptureOutputsAfterExecutionStep.java:4
6) at org.gradle.internal.execution.steps.ResolveInputChangesStep.e
xecute(ResolveInputChangesStep.java:39) at org.gradle.internal.exec
ution.steps.ResolveInputChangesStep.execute(ResolveInputChangesStep
.java:28) at org.gradle.internal.execution.steps.BuildCacheStep.exe
cuteWithoutCache(BuildCacheStep.java:189) at org.gradle.internal.ex
ecution.steps.BuildCacheStep.lambda$execute$1(BuildCacheStep.java:7
5) at org.gradle.internal.Either$Right.fold(Either.java:176) at org
.gradle.internal.execution.caching.CachingState.fold(CachingState.j
ava:62) at org.gradle.internal.execution.steps.BuildCacheStep.execu
te(BuildCacheStep.java:73) at org.gradle.internal.execution.steps.B
uildCacheStep.execute(BuildCacheStep.java:48) at org.gradle.interna
l.execution.steps.StoreExecutionStateStep.execute(StoreExecutionSta
teStep.java:46) at org.gradle.internal.execution.steps.StoreExecuti
onStateStep.execute(StoreExecutionStateStep.java:35) at org.gradle.
internal.execution.steps.SkipUpToDateStep.executeBecause(SkipUpToDa
teStep.java:75) at org.gradle.internal.execution.steps.SkipUpToDate
Step.lambda$execute$2(SkipUpToDateStep.java:53) at 
java.base@17.0.12/java.util.Optional.orElseGet(Optional.java:364) 
at org.gradle.internal.execution.steps.SkipUpToDateStep.execute(Ski
pUpToDateStep.java:53) at org.gradle.internal.execution.steps.SkipU
pToDateStep.execute(SkipUpToDateStep.java:35) at org.gradle.interna
l.execution.steps.legacy.MarkSnapshottingInputsFinishedStep.execute
(MarkSnapshottingInputsFinishedStep.java:37) at org.gradle.internal
.execution.steps.legacy.MarkSnapshottingInputsFinishedStep.execute(
MarkSnapshottingInputsFinishedStep.java:27) at org.gradle.internal.
execution.steps.ResolveIncrementalCachingStateStep.executeDelegate(
ResolveIncrementalCachingStateStep.java:49) at org.gradle.internal.
execution.steps.ResolveIncrementalCachingStateStep.executeDelegate(
ResolveIncrementalCachingStateStep.java:27) at org.gradle.internal.
execution.steps.AbstractResolveCachingStateStep.execute(AbstractRes
olveCachingStateStep.java:71) at org.gradle.internal.execution.step
s.AbstractResolveCachingStateStep.execute(AbstractResolveCachingSta
teStep.java:39) at org.gradle.internal.execution.steps.ResolveChang
esStep.execute(ResolveChangesStep.java:64) at org.gradle.internal.e
xecution.steps.ResolveChangesStep.execute(ResolveChangesStep.java:3
5) at org.gradle.internal.execution.steps.ValidateStep.execute(Vali
dateStep.java:62) at org.gradle.internal.execution.steps.ValidateSt
ep.execute(ValidateStep.java:40) at org.gradle.internal.execution.s
teps.AbstractCaptureStateBeforeExecutionStep.execute(AbstractCaptur
eStateBeforeExecutionStep.java:76) at org.gradle.internal.execution
.steps.AbstractCaptureStateBeforeExecutionStep.execute(AbstractCapt
ureStateBeforeExecutionStep.java:45) at org.gradle.internal.executi
on.steps.AbstractSkipEmptyWorkStep.executeWithNonEmptySources(Abstr
actSkipEmptyWorkStep.java:136) at org.gradle.internal.execution.ste
ps.AbstractSkipEmptyWorkStep.execute(AbstractSkipEmptyWorkStep.java
:61) at org.gradle.internal.execution.steps.AbstractSkipEmptyWorkSt
ep.execute(AbstractSkipEmptyWorkStep.java:38) at org.gradle.interna
l.execution.steps.legacy.MarkSnapshottingInputsStartedStep.execute(
MarkSnapshottingInputsStartedStep.java:38) at org.gradle.internal.e
xecution.steps.LoadPreviousExecutionStateStep.execute(LoadPreviousE
xecutionStateStep.java:36) at org.gradle.internal.execution.steps.L
oadPreviousExecutionStateStep.execute(LoadPreviousExecutionStateSte
p.java:23) at org.gradle.internal.execution.steps.HandleStaleOutput
sStep.execute(HandleStaleOutputsStep.java:75) at org.gradle.interna
l.execution.steps.HandleStaleOutputsStep.execute(HandleStaleOutputs
Step.java:41) at org.gradle.internal.execution.steps.AssignMutableW
orkspaceStep.lambda$execute$0(AssignMutableWorkspaceStep.java:35) 
at org.gradle.api.internal.tasks.execution.TaskExecution$4.withWork
space(TaskExecution.java:297) at org.gradle.internal.execution.step
s.AssignMutableWorkspaceStep.execute(AssignMutableWorkspaceStep.jav
a:31) at org.gradle.internal.execution.steps.AssignMutableWorkspace
Step.execute(AssignMutableWorkspaceStep.java:22) at org.gradle.inte
rnal.execution.steps.ChoosePipelineStep.execute(ChoosePipelineStep.
java:40) at org.gradle.internal.execution.steps.ChoosePipelineStep.
execute(ChoosePipelineStep.java:23) at org.gradle.internal.executio
n.steps.ExecuteWorkBuildOperationFiringStep.lambda$execute$2(Execut
eWorkBuildOperationFiringStep.java:67) at 
java.base@17.0.12/java.util.Optional.orElseGet(Optional.java:364) 
at org.gradle.internal.execution.steps.ExecuteWorkBuildOperationFir
ingStep.execute(ExecuteWorkBuildOperationFiringStep.java:67) at org
.gradle.internal.execution.steps.ExecuteWorkBuildOperationFiringSte
p.execute(ExecuteWorkBuildOperationFiringStep.java:39) at org.gradl
e.internal.execution.steps.IdentityCacheStep.execute(IdentityCacheS
tep.java:46) at org.gradle.internal.execution.steps.IdentityCacheSt
ep.execute(IdentityCacheStep.java:34) at org.gradle.internal.execut
ion.steps.IdentifyStep.execute(IdentifyStep.java:47) at org.gradle.
internal.execution.steps.IdentifyStep.execute(IdentifyStep.java:34)
 at org.gradle.internal.execution.impl.DefaultExecutionEngine$1.exe
cute(DefaultExecutionEngine.java:64) at org.gradle.api.internal.tas
ks.execution.ExecuteActionsTaskExecuter.executeIfValid(ExecuteActio
nsTaskExecuter.java:132) at org.gradle.api.internal.tasks.execution
.ExecuteActionsTaskExecuter.execute(ExecuteActionsTaskExecuter.java
:121) at org.gradle.api.internal.tasks.execution.ProblemsTaskPathTr
ackingTaskExecuter.execute(ProblemsTaskPathTrackingTaskExecuter.jav
a:41) at org.gradle.api.internal.tasks.execution.FinalizeProperties
TaskExecuter.execute(FinalizePropertiesTaskExecuter.java:46) at org
.gradle.api.internal.tasks.execution.ResolveTaskExecutionModeExecut
er.execute(ResolveTaskExecutionModeExecuter.java:51) at org.gradle.
api.internal.tasks.execution.SkipTaskWithNoActionsExecuter.execute(
SkipTaskWithNoActionsExecuter.java:57) at org.gradle.api.internal.t
asks.execution.SkipOnlyIfTaskExecuter.execute(SkipOnlyIfTaskExecute
r.java:74) at org.gradle.api.internal.tasks.execution.CatchExceptio
nTaskExecuter.execute(CatchExceptionTaskExecuter.java:36) at org.gr
adle.api.internal.tasks.execution.EventFiringTaskExecuter$1.execute
Task(EventFiringTaskExecuter.java:77) at org.gradle.api.internal.ta
sks.execution.EventFiringTaskExecuter$1.call(EventFiringTaskExecute
r.java:55) at org.gradle.api.internal.tasks.execution.EventFiringTa
skExecuter$1.call(EventFiringTaskExecuter.java:52) at org.gradle.in
ternal.operations.DefaultBuildOperationRunner$CallableBuildOperatio
nWorker.execute(DefaultBuildOperationRunner.java:209) at org.gradle
.internal.operations.DefaultBuildOperationRunner$CallableBuildOpera
tionWorker.execute(DefaultBuildOperationRunner.java:204) at org.gra
dle.internal.operations.DefaultBuildOperationRunner$2.execute(Defau
ltBuildOperationRunner.java:66) at org.gradle.internal.operations.D
efaultBuildOperationRunner$2.execute(DefaultBuildOperationRunner.ja
va:59) at org.gradle.internal.operations.DefaultBuildOperationRunne
r.execute(DefaultBuildOperationRunner.java:166) at org.gradle.inter
nal.operations.DefaultBuildOperationRunner.execute(DefaultBuildOper
ationRunner.java:59) at org.gradle.internal.operations.DefaultBuild
OperationRunner.call(DefaultBuildOperationRunner.java:53) at org.gr
adle.api.internal.tasks.execution.EventFiringTaskExecuter.execute(E
ventFiringTaskExecuter.java:52) at org.gradle.execution.plan.LocalT
askNodeExecutor.execute(LocalTaskNodeExecutor.java:45) at org.gradl
e.execution.taskgraph.DefaultTaskExecutionGraph$InvokeNodeExecutors
Action.execute(DefaultTaskExecutionGraph.java:347) at org.gradle.ex
ecution.taskgraph.DefaultTaskExecutionGraph$InvokeNodeExecutorsActi
on.execute(DefaultTaskExecutionGraph.java:334) at org.gradle.execut
ion.taskgraph.DefaultTaskExecutionGraph$BuildOperationAwareExecutio
nAction.lambda$execute$0(DefaultTaskExecutionGraph.java:330) at org
.gradle.internal.operations.CurrentBuildOperationRef.with(CurrentBu
ildOperationRef.java:84) at org.gradle.execution.taskgraph.DefaultT
askExecutionGraph$BuildOperationAwareExecutionAction.execute(Defaul
tTaskExecutionGraph.java:330) at org.gradle.execution.taskgraph.Def
aultTaskExecutionGraph$BuildOperationAwareExecutionAction.execute(D
efaultTaskExecutionGraph.java:319) at org.gradle.execution.plan.Def
aultPlanExecutor$ExecutorWorker.execute(DefaultPlanExecutor.java:45
9) at org.gradle.execution.plan.DefaultPlanExecutor$ExecutorWorker.
run(DefaultPlanExecutor.java:376) at org.gradle.execution.plan.Defa
ultPlanExecutor.process(DefaultPlanExecutor.java:111) at org.gradle
.execution.taskgraph.DefaultTaskExecutionGraph.executeWithServices(
DefaultTaskExecutionGraph.java:144) at org.gradle.execution.taskgra
ph.DefaultTaskExecutionGraph.execute(DefaultTaskExecutionGraph.java
:129) at org.gradle.execution.SelectedTaskExecutionAction.execute(S
electedTaskExecutionAction.java:35) at org.gradle.execution.DryRunB
uildExecutionAction.execute(DryRunBuildExecutionAction.java:51) at 
org.gradle.execution.BuildOperationFiringBuildWorkerExecutor$Execut
eTasks.call(BuildOperationFiringBuildWorkerExecutor.java:54) at org
.gradle.execution.BuildOperationFiringBuildWorkerExecutor$ExecuteTa
sks.call(BuildOperationFiringBuildWorkerExecutor.java:43) at org.gr
adle.internal.operations.DefaultBuildOperationRunner$CallableBuildO
perationWorker.execute(DefaultBuildOperationRunner.java:209) at org
.gradle.internal.operations.DefaultBuildOperationRunner$CallableBui
ldOperationWorker.execute(DefaultBuildOperationRunner.java:204) at 
org.gradle.internal.operations.DefaultBuildOperationRunner$2.execut
e(DefaultBuildOperationRunner.java:66) at org.gradle.internal.opera
tions.DefaultBuildOperationRunner$2.execute(DefaultBuildOperationRu
nner.java:59) at org.gradle.internal.operations.DefaultBuildOperati
onRunner.execute(DefaultBuildOperationRunner.java:166) at org.gradl
e.internal.operations.DefaultBuildOperationRunner.execute(DefaultBu
ildOperationRunner.java:59) at org.gradle.internal.operations.Defau
ltBuildOperationRunner.call(DefaultBuildOperationRunner.java:53) 
at org.gradle.execution.BuildOperationFiringBuildWorkerExecutor.exe
cute(BuildOperationFiringBuildWorkerExecutor.java:40) at org.gradle
.internal.build.DefaultBuildLifecycleController.lambda$executeTasks
$10(DefaultBuildLifecycleController.java:313) at org.gradle.interna
l.model.StateTransitionController.doTransition(StateTransitionContr
oller.java:266) at org.gradle.internal.model.StateTransitionControl
ler.lambda$tryTransition$8(StateTransitionController.java:177) at o
rg.gradle.internal.work.DefaultSynchronizer.withLock(DefaultSynchro
nizer.java:45) at org.gradle.internal.model.StateTransitionControll
er.tryTransition(StateTransitionController.java:177) at org.gradle.
internal.build.DefaultBuildLifecycleController.executeTasks(Default
BuildLifecycleController.java:304) at org.gradle.internal.build.Def
aultBuildWorkGraphController$DefaultBuildWorkGraph.runWork(DefaultB
uildWorkGraphController.java:220) at org.gradle.internal.work.Defau
ltWorkerLeaseService.withLocks(DefaultWorkerLeaseService.java:263) 
at org.gradle.internal.work.DefaultWorkerLeaseService.runAsWorkerTh
read(DefaultWorkerLeaseService.java:127) at org.gradle.composite.in
ternal.DefaultBuildController.doRun(DefaultBuildController.java:181
) at org.gradle.composite.internal.DefaultBuildController.access$00
0(DefaultBuildController.java:50) at org.gradle.composite.internal.
DefaultBuildController$BuildOpRunnable.lambda$run$0(DefaultBuildCon
troller.java:198) at org.gradle.internal.operations.CurrentBuildOpe
rationRef.with(CurrentBuildOperationRef.java:84) at org.gradle.comp
osite.internal.DefaultBuildController$BuildOpRunnable.run(DefaultBu
ildController.java:198) at java.base@17.0.12/java.util.concurrent.E
xecutors$RunnableAdapter.call(Executors.java:539) at java.base@17.0
.12/java.util.concurrent.FutureTask.run(FutureTask.java:264) at org
.gradle.internal.concurrent.ExecutorPolicy$CatchAndRecordFailures.o
nExecute(ExecutorPolicy.java:64) at org.gradle.internal.concurrent.
AbstractManagedExecutor$1.run(AbstractManagedExecutor.java:47) at j
ava.base@17.0.12/java.util.concurrent.ThreadPoolExecutor.runWorker(
ThreadPoolExecutor.java:1136) at java.base@17.0.12/java.util.concur
rent.ThreadPoolExecutor$Worker.run(ThreadPoolExecutor.java:635) at 
java.base@17.0.12/java.lang.Thread.run(Thread.java:842) FAILURE: 
Build failed with an exception. * What went wrong: Execution 
failed for task ':app:installDebug'. > 
java.util.concurrent.ExecutionException: 
com.android.builder.testing.api.DeviceException: 
com.android.ddmlib.InstallException: 
INSTALL_FAILED_UPDATE_INCOMPATIBLE: Package com.mediqzyapp 
signatures do not match previously installed version; ignoring! * 
Try: > Run with --stacktrace option to get the stack trace. > Run 
with --info or --debug option to get more log output. > Run with 
--scan to generate a Build Scan (Powered by Develocity). > Get 
more help at https://help.gradle.org. BUILD FAILED in 56s.
info Run CLI with --verbose flag for more details.
